Archive member included to satisfy reference by file (symbol)

/usr/lib/gcc/avr/7.3.0/avr5/libgcc.a(_udivmodhi4.o)
                              ./rand_otm.o (__udivmodhi4)
/usr/lib/gcc/avr/7.3.0/avr5/libgcc.a(_exit.o)
                              /usr/lib/gcc/avr/7.3.0/../../../avr/lib/avr5/crtatmega328p.o (exit)
/usr/lib/gcc/avr/7.3.0/avr5/libgcc.a(_tablejump2.o)
                              ./adc_utils.o (__tablejump2__)
/usr/lib/gcc/avr/7.3.0/avr5/libgcc.a(_copy_data.o)
                              ./rand_otm.o (__do_copy_data)
/usr/lib/gcc/avr/7.3.0/avr5/libgcc.a(_clear_bss.o)
                              ./timer0.o (__do_clear_bss)

Memory Configuration

Name             Origin             Length             Attributes
text             0x0000000000000000 0x0000000000008000 xr
data             0x0000000000800100 0x0000000000000800 rw !x
eeprom           0x0000000000810000 0x0000000000000400 rw !x
fuse             0x0000000000820000 0x0000000000000003 rw !x
lock             0x0000000000830000 0x0000000000000400 rw !x
signature        0x0000000000840000 0x0000000000000400 rw !x
user_signatures  0x0000000000850000 0x0000000000000400 rw !x
*default*        0x0000000000000000 0xffffffffffffffff

Linker script and memory map

Address of section .data set to 0x800100
LOAD /usr/lib/gcc/avr/7.3.0/../../../avr/lib/avr5/crtatmega328p.o
LOAD ./adc_utils.o
LOAD ./logic_utils.o
LOAD ./main.o
LOAD ./pin.o
LOAD ./pulsing.o
LOAD ./rand_otm.o
LOAD ./timer0.o
LOAD ./utils.o
START GROUP
LOAD /usr/lib/gcc/avr/7.3.0/avr5/libgcc.a
LOAD /usr/lib/gcc/avr/7.3.0/../../../avr/lib/avr5/libm.a
LOAD /usr/lib/gcc/avr/7.3.0/../../../avr/lib/avr5/libc.a
LOAD /usr/lib/gcc/avr/7.3.0/../../../avr/lib/avr5/libatmega328p.a
END GROUP
                0x0000000000000000                __TEXT_REGION_ORIGIN__ = DEFINED (__TEXT_REGION_ORIGIN__)?__TEXT_REGION_ORIGIN__:0x0
                [0x0000000000800100]                __DATA_REGION_ORIGIN__ = DEFINED (__DATA_REGION_ORIGIN__)?__DATA_REGION_ORIGIN__:0x800060
                [0x0000000000008000]                __TEXT_REGION_LENGTH__ = DEFINED (__TEXT_REGION_LENGTH__)?__TEXT_REGION_LENGTH__:0x20000
                [0x0000000000000800]                __DATA_REGION_LENGTH__ = DEFINED (__DATA_REGION_LENGTH__)?__DATA_REGION_LENGTH__:0xffa0
                [0x0000000000000400]                __EEPROM_REGION_LENGTH__ = DEFINED (__EEPROM_REGION_LENGTH__)?__EEPROM_REGION_LENGTH__:0x10000
                [0x0000000000000003]                __FUSE_REGION_LENGTH__ = DEFINED (__FUSE_REGION_LENGTH__)?__FUSE_REGION_LENGTH__:0x400
                0x0000000000000400                __LOCK_REGION_LENGTH__ = DEFINED (__LOCK_REGION_LENGTH__)?__LOCK_REGION_LENGTH__:0x400
                0x0000000000000400                __SIGNATURE_REGION_LENGTH__ = DEFINED (__SIGNATURE_REGION_LENGTH__)?__SIGNATURE_REGION_LENGTH__:0x400
                0x0000000000000400                __USER_SIGNATURE_REGION_LENGTH__ = DEFINED (__USER_SIGNATURE_REGION_LENGTH__)?__USER_SIGNATURE_REGION_LENGTH__:0x400

.hash
 *(.hash)

.dynsym
 *(.dynsym)

.dynstr
 *(.dynstr)

.gnu.version
 *(.gnu.version)

.gnu.version_d
 *(.gnu.version_d)

.gnu.version_r
 *(.gnu.version_r)

.rel.init
 *(.rel.init)

.rela.init
 *(.rela.init)

.rel.text
 *(.rel.text)
 *(.rel.text.*)
 *(.rel.gnu.linkonce.t*)

.rela.text
 *(.rela.text)
 *(.rela.text.*)
 *(.rela.gnu.linkonce.t*)

.rel.fini
 *(.rel.fini)

.rela.fini
 *(.rela.fini)

.rel.rodata
 *(.rel.rodata)
 *(.rel.rodata.*)
 *(.rel.gnu.linkonce.r*)

.rela.rodata
 *(.rela.rodata)
 *(.rela.rodata.*)
 *(.rela.gnu.linkonce.r*)

.rel.data
 *(.rel.data)
 *(.rel.data.*)
 *(.rel.gnu.linkonce.d*)

.rela.data
 *(.rela.data)
 *(.rela.data.*)
 *(.rela.gnu.linkonce.d*)

.rel.ctors
 *(.rel.ctors)

.rela.ctors
 *(.rela.ctors)

.rel.dtors
 *(.rel.dtors)

.rela.dtors
 *(.rela.dtors)

.rel.got
 *(.rel.got)

.rela.got
 *(.rela.got)

.rel.bss
 *(.rel.bss)

.rela.bss
 *(.rela.bss)

.rel.plt
 *(.rel.plt)

.rela.plt
 *(.rela.plt)

.text           0x0000000000000000     0x117a
 *(.vectors)
 .vectors       0x0000000000000000       0x68 /usr/lib/gcc/avr/7.3.0/../../../avr/lib/avr5/crtatmega328p.o
                0x0000000000000000                __vectors
                0x0000000000000000                __vector_default
 *(.vectors)
 *(.progmem.gcc*)
                0x0000000000000068                . = ALIGN (0x2)
                0x0000000000000068                __trampolines_start = .
 *(.trampolines)
 .trampolines   0x0000000000000068        0x0 linker stubs
 *(.trampolines*)
                0x0000000000000068                __trampolines_end = .
 *libprintf_flt.a:*(.progmem.data)
 *libc.a:*(.progmem.data)
 *(.progmem*)
                0x0000000000000068                . = ALIGN (0x2)
 *(.jumptables)
 *(.jumptables*)
 *(.lowtext)
 *(.lowtext*)
                0x0000000000000068                __ctors_start = .
 *(.ctors)
                0x0000000000000068                __ctors_end = .
                0x0000000000000068                __dtors_start = .
 *(.dtors)
                0x0000000000000068                __dtors_end = .
 SORT(*)(.ctors)
 SORT(*)(.dtors)
 *(.init0)
 .init0         0x0000000000000068        0x0 /usr/lib/gcc/avr/7.3.0/../../../avr/lib/avr5/crtatmega328p.o
                0x0000000000000068                __init
 *(.init0)
 *(.init1)
 *(.init1)
 *(.init2)
 .init2         0x0000000000000068        0xc /usr/lib/gcc/avr/7.3.0/../../../avr/lib/avr5/crtatmega328p.o
 *(.init2)
 *(.init3)
 *(.init3)
 *(.init4)
 .init4         0x0000000000000074       0x16 /usr/lib/gcc/avr/7.3.0/avr5/libgcc.a(_copy_data.o)
                0x0000000000000074                __do_copy_data
 .init4         0x000000000000008a       0x10 /usr/lib/gcc/avr/7.3.0/avr5/libgcc.a(_clear_bss.o)
                0x000000000000008a                __do_clear_bss
 *(.init4)
 *(.init5)
 *(.init5)
 *(.init6)
 *(.init6)
 *(.init7)
 *(.init7)
 *(.init8)
 *(.init8)
 *(.init9)
 .init9         0x000000000000009a        0x8 /usr/lib/gcc/avr/7.3.0/../../../avr/lib/avr5/crtatmega328p.o
 *(.init9)
 *(.text)
 .text          0x00000000000000a2        0x4 /usr/lib/gcc/avr/7.3.0/../../../avr/lib/avr5/crtatmega328p.o
                0x00000000000000a2                __vector_22
                0x00000000000000a2                __vector_1
                0x00000000000000a2                __vector_24
                0x00000000000000a2                __vector_12
                0x00000000000000a2                __bad_interrupt
                0x00000000000000a2                __vector_6
                0x00000000000000a2                __vector_3
                0x00000000000000a2                __vector_23
                0x00000000000000a2                __vector_25
                0x00000000000000a2                __vector_11
                0x00000000000000a2                __vector_13
                0x00000000000000a2                __vector_17
                0x00000000000000a2                __vector_19
                0x00000000000000a2                __vector_7
                0x00000000000000a2                __vector_5
                0x00000000000000a2                __vector_4
                0x00000000000000a2                __vector_9
                0x00000000000000a2                __vector_2
                0x00000000000000a2                __vector_21
                0x00000000000000a2                __vector_15
                0x00000000000000a2                __vector_8
                0x00000000000000a2                __vector_10
                0x00000000000000a2                __vector_16
                0x00000000000000a2                __vector_18
                0x00000000000000a2                __vector_20
 .text          0x00000000000000a6        0x0 ./adc_utils.o
 .text          0x00000000000000a6        0x0 ./logic_utils.o
 .text          0x00000000000000a6        0x0 ./main.o
 .text          0x00000000000000a6        0x0 ./pin.o
 .text          0x00000000000000a6        0x0 ./pulsing.o
 .text          0x00000000000000a6        0x0 ./rand_otm.o
 .text          0x00000000000000a6        0x0 ./timer0.o
 .text          0x00000000000000a6        0x0 ./utils.o
 .text          0x00000000000000a6        0x0 /usr/lib/gcc/avr/7.3.0/avr5/libgcc.a(_udivmodhi4.o)
 .text          0x00000000000000a6        0x0 /usr/lib/gcc/avr/7.3.0/avr5/libgcc.a(_exit.o)
 .text          0x00000000000000a6        0x0 /usr/lib/gcc/avr/7.3.0/avr5/libgcc.a(_tablejump2.o)
 .text          0x00000000000000a6        0x0 /usr/lib/gcc/avr/7.3.0/avr5/libgcc.a(_copy_data.o)
 .text          0x00000000000000a6        0x0 /usr/lib/gcc/avr/7.3.0/avr5/libgcc.a(_clear_bss.o)
                0x00000000000000a6                . = ALIGN (0x2)
 *(.text.*)
 .text.InitADC  0x00000000000000a6       0x48 ./adc_utils.o
                0x00000000000000a6                InitADC
 .text.ReadADC  0x00000000000000ee       0x44 ./adc_utils.o
                0x00000000000000ee                ReadADC
 .text.SetVref  0x0000000000000132       0xd4 ./adc_utils.o
                0x0000000000000132                SetVref
 .text.SetPrescaler
                0x0000000000000206      0x308 ./adc_utils.o
                0x0000000000000206                SetPrescaler
 .text.SetEnable
                0x000000000000050e       0x56 ./adc_utils.o
                0x000000000000050e                SetEnable
 .text.SetChannel
                0x0000000000000564      0x170 ./adc_utils.o
                0x0000000000000564                SetChannel
 .text.RunConversion
                0x00000000000006d4       0x44 ./adc_utils.o
                0x00000000000006d4                RunConversion
 .text.SetBit   0x0000000000000718       0x3c ./logic_utils.o
                0x0000000000000718                SetBit
 .text.ClearBit
                0x0000000000000754       0x40 ./logic_utils.o
                0x0000000000000754                ClearBit
 .text.ToggleBit
                0x0000000000000794       0x3c ./logic_utils.o
                0x0000000000000794                ToggleBit
 .text.CheckBit
                0x00000000000007d0       0x4a ./logic_utils.o
                0x00000000000007d0                CheckBit
 .text.BitmaskSet
                0x000000000000081a       0x2e ./logic_utils.o
                0x000000000000081a                BitmaskSet
 .text.BitmaskClear
                0x0000000000000848       0x34 ./logic_utils.o
                0x0000000000000848                BitmaskClear
 .text.Not      0x000000000000087c       0x20 ./logic_utils.o
                0x000000000000087c                Not
 .text.And      0x000000000000089c       0x2e ./logic_utils.o
                0x000000000000089c                And
 .text.Or       0x00000000000008ca       0x2e ./logic_utils.o
                0x00000000000008ca                Or
 .text.Xor      0x00000000000008f8       0x2e ./logic_utils.o
                0x00000000000008f8                Xor
 .text.ShiftLeft
                0x0000000000000926       0x32 ./logic_utils.o
                0x0000000000000926                ShiftLeft
 .text.ShiftRight
                0x0000000000000958       0x32 ./logic_utils.o
                0x0000000000000958                ShiftRight
 .text.main     0x000000000000098a       0x7e ./main.o
                0x000000000000098a                main
 .text.pinSetValue
                0x0000000000000a08      0x15a ./pin.o
                0x0000000000000a08                pinSetValue
 .text.pinInit  0x0000000000000b62      0x15a ./pin.o
                0x0000000000000b62                pinInit
 .text.pinPulsing
                0x0000000000000cbc       0x64 ./pulsing.o
                0x0000000000000cbc                pinPulsing
 .text.pinPulse
                0x0000000000000d20       0x7a ./pulsing.o
                0x0000000000000d20                pinPulse
 .text.InitRand
                0x0000000000000d9a       0x26 ./rand_otm.o
                0x0000000000000d9a                InitRand
 .text.SetDirection
                0x0000000000000dc0       0x1c ./rand_otm.o
                0x0000000000000dc0                SetDirection
 .text.Rand     0x0000000000000ddc       0x3e ./rand_otm.o
                0x0000000000000ddc                Rand
 .text.RandRange
                0x0000000000000e1a       0x46 ./rand_otm.o
                0x0000000000000e1a                RandRange
 .text.GetMSB   0x0000000000000e60       0x36 ./rand_otm.o
                0x0000000000000e60                GetMSB
 .text.ShiftAndToggle
                0x0000000000000e96      0x13e ./rand_otm.o
                0x0000000000000e96                ShiftAndToggle
 .text.timer0DelayMs
                0x0000000000000fd4       0xa6 ./timer0.o
                0x0000000000000fd4                timer0DelayMs
 .text.timer0InteruptInit
                0x000000000000107a       0x3a ./timer0.o
                0x000000000000107a                timer0InteruptInit
 .text.__vector_14
                0x00000000000010b4       0x58 ./timer0.o
                0x00000000000010b4                __vector_14
 .text.calculateHalfPeriod
                0x000000000000110c       0x36 ./utils.o
                0x000000000000110c                calculateHalfPeriod
 .text.libgcc.mul
                0x0000000000001142        0x0 /usr/lib/gcc/avr/7.3.0/avr5/libgcc.a(_udivmodhi4.o)
 .text.libgcc.div
                0x0000000000001142       0x28 /usr/lib/gcc/avr/7.3.0/avr5/libgcc.a(_udivmodhi4.o)
                0x0000000000001142                __udivmodhi4
 .text.libgcc   0x000000000000116a        0x0 /usr/lib/gcc/avr/7.3.0/avr5/libgcc.a(_udivmodhi4.o)
 .text.libgcc.prologue
                0x000000000000116a        0x0 /usr/lib/gcc/avr/7.3.0/avr5/libgcc.a(_udivmodhi4.o)
 .text.libgcc.builtins
                0x000000000000116a        0x0 /usr/lib/gcc/avr/7.3.0/avr5/libgcc.a(_udivmodhi4.o)
 .text.libgcc.fmul
                0x000000000000116a        0x0 /usr/lib/gcc/avr/7.3.0/avr5/libgcc.a(_udivmodhi4.o)
 .text.libgcc.fixed
                0x000000000000116a        0x0 /usr/lib/gcc/avr/7.3.0/avr5/libgcc.a(_udivmodhi4.o)
 .text.libgcc.mul
                0x000000000000116a        0x0 /usr/lib/gcc/avr/7.3.0/avr5/libgcc.a(_exit.o)
 .text.libgcc.div
                0x000000000000116a        0x0 /usr/lib/gcc/avr/7.3.0/avr5/libgcc.a(_exit.o)
 .text.libgcc   0x000000000000116a        0x0 /usr/lib/gcc/avr/7.3.0/avr5/libgcc.a(_exit.o)
 .text.libgcc.prologue
                0x000000000000116a        0x0 /usr/lib/gcc/avr/7.3.0/avr5/libgcc.a(_exit.o)
 .text.libgcc.builtins
                0x000000000000116a        0x0 /usr/lib/gcc/avr/7.3.0/avr5/libgcc.a(_exit.o)
 .text.libgcc.fmul
                0x000000000000116a        0x0 /usr/lib/gcc/avr/7.3.0/avr5/libgcc.a(_exit.o)
 .text.libgcc.fixed
                0x000000000000116a        0x0 /usr/lib/gcc/avr/7.3.0/avr5/libgcc.a(_exit.o)
 .text.libgcc.mul
                0x000000000000116a        0x0 /usr/lib/gcc/avr/7.3.0/avr5/libgcc.a(_tablejump2.o)
 .text.libgcc.div
                0x000000000000116a        0x0 /usr/lib/gcc/avr/7.3.0/avr5/libgcc.a(_tablejump2.o)
 .text.libgcc   0x000000000000116a        0xc /usr/lib/gcc/avr/7.3.0/avr5/libgcc.a(_tablejump2.o)
                0x000000000000116a                __tablejump2__
 .text.libgcc.prologue
                0x0000000000001176        0x0 /usr/lib/gcc/avr/7.3.0/avr5/libgcc.a(_tablejump2.o)
 .text.libgcc.builtins
                0x0000000000001176        0x0 /usr/lib/gcc/avr/7.3.0/avr5/libgcc.a(_tablejump2.o)
 .text.libgcc.fmul
                0x0000000000001176        0x0 /usr/lib/gcc/avr/7.3.0/avr5/libgcc.a(_tablejump2.o)
 .text.libgcc.fixed
                0x0000000000001176        0x0 /usr/lib/gcc/avr/7.3.0/avr5/libgcc.a(_tablejump2.o)
 .text.libgcc.mul
                0x0000000000001176        0x0 /usr/lib/gcc/avr/7.3.0/avr5/libgcc.a(_copy_data.o)
 .text.libgcc.div
                0x0000000000001176        0x0 /usr/lib/gcc/avr/7.3.0/avr5/libgcc.a(_copy_data.o)
 .text.libgcc   0x0000000000001176        0x0 /usr/lib/gcc/avr/7.3.0/avr5/libgcc.a(_copy_data.o)
 .text.libgcc.prologue
                0x0000000000001176        0x0 /usr/lib/gcc/avr/7.3.0/avr5/libgcc.a(_copy_data.o)
 .text.libgcc.builtins
                0x0000000000001176        0x0 /usr/lib/gcc/avr/7.3.0/avr5/libgcc.a(_copy_data.o)
 .text.libgcc.fmul
                0x0000000000001176        0x0 /usr/lib/gcc/avr/7.3.0/avr5/libgcc.a(_copy_data.o)
 .text.libgcc.fixed
                0x0000000000001176        0x0 /usr/lib/gcc/avr/7.3.0/avr5/libgcc.a(_copy_data.o)
 .text.libgcc.mul
                0x0000000000001176        0x0 /usr/lib/gcc/avr/7.3.0/avr5/libgcc.a(_clear_bss.o)
 .text.libgcc.div
                0x0000000000001176        0x0 /usr/lib/gcc/avr/7.3.0/avr5/libgcc.a(_clear_bss.o)
 .text.libgcc   0x0000000000001176        0x0 /usr/lib/gcc/avr/7.3.0/avr5/libgcc.a(_clear_bss.o)
 .text.libgcc.prologue
                0x0000000000001176        0x0 /usr/lib/gcc/avr/7.3.0/avr5/libgcc.a(_clear_bss.o)
 .text.libgcc.builtins
                0x0000000000001176        0x0 /usr/lib/gcc/avr/7.3.0/avr5/libgcc.a(_clear_bss.o)
 .text.libgcc.fmul
                0x0000000000001176        0x0 /usr/lib/gcc/avr/7.3.0/avr5/libgcc.a(_clear_bss.o)
 .text.libgcc.fixed
                0x0000000000001176        0x0 /usr/lib/gcc/avr/7.3.0/avr5/libgcc.a(_clear_bss.o)
                0x0000000000001176                . = ALIGN (0x2)
 *(.fini9)
 .fini9         0x0000000000001176        0x0 /usr/lib/gcc/avr/7.3.0/avr5/libgcc.a(_exit.o)
                0x0000000000001176                exit
                0x0000000000001176                _exit
 *(.fini9)
 *(.fini8)
 *(.fini8)
 *(.fini7)
 *(.fini7)
 *(.fini6)
 *(.fini6)
 *(.fini5)
 *(.fini5)
 *(.fini4)
 *(.fini4)
 *(.fini3)
 *(.fini3)
 *(.fini2)
 *(.fini2)
 *(.fini1)
 *(.fini1)
 *(.fini0)
 .fini0         0x0000000000001176        0x4 /usr/lib/gcc/avr/7.3.0/avr5/libgcc.a(_exit.o)
 *(.fini0)
                0x000000000000117a                _etext = .

.data           0x0000000000800100        0x4 load address 0x000000000000117a
                0x0000000000800100                PROVIDE (__data_start, .)
 *(.data)
 .data          0x0000000000800100        0x0 /usr/lib/gcc/avr/7.3.0/../../../avr/lib/avr5/crtatmega328p.o
 .data          0x0000000000800100        0x0 ./adc_utils.o
 .data          0x0000000000800100        0x0 ./logic_utils.o
 .data          0x0000000000800100        0x0 ./main.o
 .data          0x0000000000800100        0x0 ./pin.o
 .data          0x0000000000800100        0x0 ./pulsing.o
 .data          0x0000000000800100        0x0 ./rand_otm.o
 .data          0x0000000000800100        0x0 ./timer0.o
 .data          0x0000000000800100        0x0 ./utils.o
 .data          0x0000000000800100        0x0 /usr/lib/gcc/avr/7.3.0/avr5/libgcc.a(_udivmodhi4.o)
 .data          0x0000000000800100        0x0 /usr/lib/gcc/avr/7.3.0/avr5/libgcc.a(_exit.o)
 .data          0x0000000000800100        0x0 /usr/lib/gcc/avr/7.3.0/avr5/libgcc.a(_tablejump2.o)
 .data          0x0000000000800100        0x0 /usr/lib/gcc/avr/7.3.0/avr5/libgcc.a(_copy_data.o)
 .data          0x0000000000800100        0x0 /usr/lib/gcc/avr/7.3.0/avr5/libgcc.a(_clear_bss.o)
 *(.data*)
 .data.current_lfsr_state
                0x0000000000800100        0x3 ./rand_otm.o
                0x0000000000800100                current_lfsr_state
 *(.gnu.linkonce.d*)
 *(.rodata)
 *(.rodata*)
 *(.gnu.linkonce.r*)
                0x0000000000800104                . = ALIGN (0x2)
 *fill*         0x0000000000800103        0x1 
                0x0000000000800104                _edata = .
                0x0000000000800104                PROVIDE (__data_end, .)

.bss            0x0000000000800104        0x4
                0x0000000000800104                PROVIDE (__bss_start, .)
 *(.bss)
 .bss           0x0000000000800104        0x0 /usr/lib/gcc/avr/7.3.0/../../../avr/lib/avr5/crtatmega328p.o
 .bss           0x0000000000800104        0x0 ./adc_utils.o
 .bss           0x0000000000800104        0x0 ./logic_utils.o
 .bss           0x0000000000800104        0x0 ./main.o
 .bss           0x0000000000800104        0x0 ./pin.o
 .bss           0x0000000000800104        0x0 ./pulsing.o
 .bss           0x0000000000800104        0x0 ./rand_otm.o
 .bss           0x0000000000800104        0x0 ./timer0.o
 .bss           0x0000000000800104        0x0 ./utils.o
 .bss           0x0000000000800104        0x0 /usr/lib/gcc/avr/7.3.0/avr5/libgcc.a(_udivmodhi4.o)
 .bss           0x0000000000800104        0x0 /usr/lib/gcc/avr/7.3.0/avr5/libgcc.a(_exit.o)
 .bss           0x0000000000800104        0x0 /usr/lib/gcc/avr/7.3.0/avr5/libgcc.a(_tablejump2.o)
 .bss           0x0000000000800104        0x0 /usr/lib/gcc/avr/7.3.0/avr5/libgcc.a(_copy_data.o)
 .bss           0x0000000000800104        0x0 /usr/lib/gcc/avr/7.3.0/avr5/libgcc.a(_clear_bss.o)
 *(.bss*)
 .bss.ms        0x0000000000800104        0x4 ./timer0.o
                0x0000000000800104                ms
 *(COMMON)
                0x0000000000800108                PROVIDE (__bss_end, .)
                0x000000000000117a                __data_load_start = LOADADDR (.data)
                0x000000000000117e                __data_load_end = (__data_load_start + SIZEOF (.data))

.noinit         0x0000000000800108        0x0
                [!provide]                        PROVIDE (__noinit_start, .)
 *(.noinit*)
                [!provide]                        PROVIDE (__noinit_end, .)
                0x0000000000800108                _end = .
                [!provide]                        PROVIDE (__heap_start, .)

.eeprom         0x0000000000810000        0x0
 *(.eeprom*)
                0x0000000000810000                __eeprom_end = .

.fuse
 *(.fuse)
 *(.lfuse)
 *(.hfuse)
 *(.efuse)

.lock
 *(.lock*)

.signature
 *(.signature*)

.user_signatures
 *(.user_signatures*)

.stab           0x0000000000000000     0x28ec
 *(.stab)
 .stab          0x0000000000000000      0x9f0 ./adc_utils.o
 .stab          0x00000000000009f0      0x60c ./logic_utils.o
                                        0x7a4 (size before relaxing)
 .stab          0x0000000000000ffc      0x39c ./main.o
                                        0x5c4 (size before relaxing)
 .stab          0x0000000000001398      0x504 ./pin.o
                                        0x6cc (size before relaxing)
 .stab          0x000000000000189c      0x414 ./pulsing.o
                                        0x5dc (size before relaxing)
 .stab          0x0000000000001cb0      0x528 ./rand_otm.o
                                        0x6c0 (size before relaxing)
 .stab          0x00000000000021d8      0x3f0 ./timer0.o
                                        0x5c4 (size before relaxing)
 .stab          0x00000000000025c8      0x324 ./utils.o
                                        0x4f8 (size before relaxing)

.stabstr        0x0000000000000000     0x120f
 *(.stabstr)
 .stabstr       0x0000000000000000     0x120f ./adc_utils.o

.stab.excl
 *(.stab.excl)

.stab.exclstr
 *(.stab.exclstr)

.stab.index
 *(.stab.index)

.stab.indexstr
 *(.stab.indexstr)

.comment        0x0000000000000000       0x11
 *(.comment)
 .comment       0x0000000000000000       0x11 ./adc_utils.o
                                         0x12 (size before relaxing)
 .comment       0x0000000000000011       0x12 ./logic_utils.o
 .comment       0x0000000000000011       0x12 ./main.o
 .comment       0x0000000000000011       0x12 ./pin.o
 .comment       0x0000000000000011       0x12 ./pulsing.o
 .comment       0x0000000000000011       0x12 ./rand_otm.o
 .comment       0x0000000000000011       0x12 ./timer0.o
 .comment       0x0000000000000011       0x12 ./utils.o

.note.gnu.avr.deviceinfo
                0x0000000000000000       0x40
 .note.gnu.avr.deviceinfo
                0x0000000000000000       0x40 /usr/lib/gcc/avr/7.3.0/../../../avr/lib/avr5/crtatmega328p.o

.avr.prop       0x0000000000000000       0x16
 .avr.prop      0x0000000000000000       0x16 ./adc_utils.o

.note.gnu.build-id
 *(.note.gnu.build-id)

.debug
 *(.debug)

.line
 *(.line)

.debug_srcinfo
 *(.debug_srcinfo)

.debug_sfnames
 *(.debug_sfnames)

.debug_aranges
 *(.debug_aranges)

.debug_pubnames
 *(.debug_pubnames)

.debug_info     0x0000000000000000      0x5f4
 *(.debug_info .gnu.linkonce.wi.*)
 .debug_info    0x0000000000000000      0x5f4 /usr/lib/gcc/avr/7.3.0/../../../avr/lib/avr5/crtatmega328p.o

.debug_abbrev   0x0000000000000000      0x5a2
 *(.debug_abbrev)
 .debug_abbrev  0x0000000000000000      0x5a2 /usr/lib/gcc/avr/7.3.0/../../../avr/lib/avr5/crtatmega328p.o

.debug_line     0x0000000000000000       0x1a
 *(.debug_line .debug_line.* .debug_line_end)
 .debug_line    0x0000000000000000       0x1a /usr/lib/gcc/avr/7.3.0/../../../avr/lib/avr5/crtatmega328p.o

.debug_frame
 *(.debug_frame)

.debug_str      0x0000000000000000      0x208
 *(.debug_str)
 .debug_str     0x0000000000000000      0x208 /usr/lib/gcc/avr/7.3.0/../../../avr/lib/avr5/crtatmega328p.o

.debug_loc
 *(.debug_loc)

.debug_macinfo
 *(.debug_macinfo)

.debug_weaknames
 *(.debug_weaknames)

.debug_funcnames
 *(.debug_funcnames)

.debug_typenames
 *(.debug_typenames)

.debug_varnames
 *(.debug_varnames)

.debug_pubtypes
 *(.debug_pubtypes)

.debug_ranges
 *(.debug_ranges)

.debug_macro
 *(.debug_macro)
OUTPUT(vz_5.3.5.elf elf32-avr)
LOAD linker stubs
